// Jest Snapshot v1, https://goo.gl/fbAQLP

exports[`plugin .resolveExternal should resolve external deps 1`] = `
Array [
  "express",
  Object {
    "dependencies": Object {
      "dev": false,
      "peer": true,
    },
    "npm": true,
    "prompt": true,
    "quiet": false,
  },
  WebpackLogger {
    "getChildLogger": [Function],
    Symbol(webpack logger raw log method): [Function],
  },
]
`;
